// Jest Snapshot v1, https://goo.gl/fbAQLP

exports[`ErrorBoundary when there are no errors should render the children 1`] = `null`;

exports[`ErrorBoundary when there is an error when FallbackComponent is defined as a prop should catch the error and render the props.FallbackComponent 1`] = `null`;

exports[`ErrorBoundary when there is an error when FallbackComponent is not defined as a prop should catch the error and render the default FallbackComponent 1`] = `null`;
